ROW 1 YES
COLUMN 1 YES
DIAG1 YES
DIAG2 YES
UNIQUE YES
MAGIC YES
