ROW 1 YES
ROW 2 YES
ROW 3 YES
ROW 4 YES
ROW 5 YES
ROW 6 YES
ROW 7 YES
ROW 8 YES
ROW 9 YES
ROW 10 YES
ROW 11 YES
ROW 12 YES
ROW 13 YES
ROW 14 YES
ROW 15 YES
ROW 16 YES
ROW 17 YES
ROW 18 YES
ROW 19 YES
ROW 20 YES
ROW 21 YES
ROW 22 YES
ROW 23 YES
ROW 24 YES
ROW 25 YES
ROW 26 YES
ROW 27 YES
ROW 28 YES
ROW 29 YES
ROW 30 YES
ROW 31 YES
ROW 32 YES
ROW 33 YES
ROW 34 YES
ROW 35 YES
ROW 36 YES
ROW 37 YES
COLUMN 1 YES
COLUMN 2 YES
COLUMN 3 YES
COLUMN 4 YES
COLUMN 5 YES
COLUMN 6 YES
COLUMN 7 YES
COLUMN 8 YES
COLUMN 9 YES
COLUMN 10 YES
COLUMN 11 YES
COLUMN 12 YES
COLUMN 13 YES
COLUMN 14 YES
COLUMN 15 YES
COLUMN 16 YES
COLUMN 17 YES
COLUMN 18 YES
COLUMN 19 YES
COLUMN 20 YES
COLUMN 21 YES
COLUMN 22 YES
COLUMN 23 YES
COLUMN 24 YES
COLUMN 25 YES
COLUMN 26 YES
COLUMN 27 YES
COLUMN 28 YES
COLUMN 29 YES
COLUMN 30 YES
COLUMN 31 YES
COLUMN 32 YES
COLUMN 33 YES
COLUMN 34 YES
COLUMN 35 YES
COLUMN 36 YES
COLUMN 37 YES
DIAG1 YES
DIAG2 YES
UNIQUE YES
MAGIC YES
