ROW 1 YES
ROW 2 YES
ROW 3 YES
ROW 4 NO
COLUMN 1 YES
COLUMN 2 YES
COLUMN 3 YES
COLUMN 4 NO
DIAG1 NO
DIAG2 YES
UNIQUE NO
MAGIC NO
