ROW 1 YES
ROW 2 YES
ROW 3 YES
ROW 4 YES
ROW 5 NO
COLUMN 1 NO
COLUMN 2 YES
COLUMN 3 YES
COLUMN 4 YES
COLUMN 5 YES
DIAG1 YES
DIAG2 NO
UNIQUE NO
MAGIC NO
