ROW 1 NO
COLUMN 1 NO
DIAG1 NO
DIAG2 NO
UNIQUE NO
MAGIC NO
