ROW 1 NO
ROW 2 YES
ROW 3 YES
COLUMN 1 YES
COLUMN 2 YES
COLUMN 3 NO
DIAG1 YES
DIAG2 NO
UNIQUE NO
MAGIC NO
