ROW 1 YES
ROW 2 YES
ROW 3 YES
COLUMN 1 YES
COLUMN 2 YES
COLUMN 3 YES
DIAG1 YES
DIAG2 YES
UNIQUE YES
MAGIC YES
