ROW 1 YES
ROW 2 NO
ROW 3 YES
ROW 4 YES
COLUMN 1 YES
COLUMN 2 YES
COLUMN 3 YES
COLUMN 4 NO
DIAG1 YES
DIAG2 YES
UNIQUE NO
MAGIC NO
